2026-08-21 06:23:10.054: [INFO] CurrentProfilePath: C:\Users\Admin\Desktop\E-Commerce\.metadata\.plugins\org.eclipse.swt\EBWebView\Default
2026-08-21 06:23:10.054: [INFO] Profiles total count: 1
2026-08-21 06:23:10.054: [INFO] Profile: name=Profile 1 path=C:\Users\Admin\Desktop\E-Commerce\.metadata\.plugins\org.eclipse.swt\EBWebView\Default lastActive=null
2026-08-21 06:23:10.054: [INFO] LastUsedProfileDir: C:\Users\Admin\Desktop\E-Commerce\.metadata\.plugins\org.eclipse.swt\EBWebView\Default
2026-08-21 06:23:10.054: [INFO] OnDoneLoading sync enabled: 0
2026-08-21 06:23:10.054: [INFO] BookmarkModelLoaded, ids_reassigned: 0
2026-08-21 06:23:10.054: [INFO] BookmarksLoadDropped droppedNodes=0
2026-08-21 06:23:10.054: [INFO] BookmarksSnapshot Startup total=0 bar=0 other=0 mobile=0 showBar=0 showBarNTP=1
2026-08-21 06:23:16.485: [INFO] BookmarksSnapshot Shutdown total=0 bar=0 other=0 mobile=0 showBar=0 showBarNTP=1
2026-08-21 06:23:30.693: [INFO] CurrentProfilePath: C:\Users\Admin\Desktop\E-Commerce\.metadata\.plugins\org.eclipse.swt\EBWebView\Default
2026-08-21 06:23:30.693: [INFO] Profiles total count: 1
2026-08-21 06:23:30.693: [INFO] Profile: name=Profile 1 path=C:\Users\Admin\Desktop\E-Commerce\.metadata\.plugins\org.eclipse.swt\EBWebView\Default lastActive=null
2026-08-21 06:23:30.693: [INFO] LastUsedProfileDir: C:\Users\Admin\Desktop\E-Commerce\.metadata\.plugins\org.eclipse.swt\EBWebView\Default
2026-08-21 06:23:30.693: [INFO] OnDoneLoading sync enabled: 0
2026-08-21 06:23:30.693: [INFO] BookmarkModelLoaded, ids_reassigned: 0
2026-08-21 06:23:30.693: [INFO] BookmarksLoadDropped droppedNodes=0
2026-08-21 06:23:30.693: [INFO] BookmarksSnapshot Startup total=0 bar=0 other=0 mobile=0 showBar=0 showBarNTP=1
2026-08-21 06:24:53.927: [INFO] BookmarksSnapshot Shutdown total=0 bar=0 other=0 mobile=0 showBar=0 showBarNTP=1
2026-08-21 06:32:21.911: [INFO] CurrentProfilePath: C:\Users\Admin\Desktop\E-Commerce\.metadata\.plugins\org.eclipse.swt\EBWebView\Default
2026-08-21 06:32:21.911: [INFO] Profiles total count: 1
2026-08-21 06:32:21.911: [INFO] Profile: name=Profile 1 path=C:\Users\Admin\Desktop\E-Commerce\.metadata\.plugins\org.eclipse.swt\EBWebView\Default lastActive=null
2026-08-21 06:32:21.911: [INFO] LastUsedProfileDir: C:\Users\Admin\Desktop\E-Commerce\.metadata\.plugins\org.eclipse.swt\EBWebView\Default
2026-08-21 06:32:21.911: [INFO] OnDoneLoading sync enabled: 0
2026-08-21 06:32:21.911: [INFO] BookmarkModelLoaded, ids_reassigned: 0
2026-08-21 06:32:21.911: [INFO] BookmarksLoadDropped droppedNodes=0
2026-08-21 06:32:21.911: [INFO] BookmarksSnapshot Startup total=0 bar=0 other=0 mobile=0 showBar=0 showBarNTP=1
2026-08-21 06:32:44.558: [INFO] BookmarksSnapshot Shutdown total=0 bar=0 other=0 mobile=0 showBar=0 showBarNTP=1
